[social.jynarque.com/index.html]
[cdn.cookielaw.org/scripttemplates/otSDKStub.js]
[backblue.gif]
[fade.gif]
[index.html]
[assets.adobedtm.com/3f0d2e2dbd42/313fd7baa8af/launch-bacdce8b01b7.min.js]
[social.jynarque.com/sites/g/files/qhldwo12071/files/favicon.ico]
[social.jynarque.com/sites/g/files/qhldwo12071/files/css/optimized/css_Awu9YtmWu_taaaaJKswYqKQEUWlATiU0b-9Ka6etFfU.ZsObiL0aYzfMxd8uwa48FSnKouEcv3_d1R-pYRmtWeE703c.css]
[social.jynarque.com/sites/g/files/qhldwo12071/files/css/optimized/css_yIJuzHvo1e460jlmqttlj52OMZk0ZV7QmKCy-1vP5ZI.pnuu97nSk76346TkTJ0K2wkLmlg8ygpQnrBOjWvYZnc703c.css]
[social.jynarque.com/sites/g/files/qhldwo12071/files/css/optimized/css_xnDYBl4OD9snX7Sf9EyJ9VkzRg71lff1OegyGLU8z1w.TDoyvwPX66aAxvvrCAK51OpCJ9Mfz9ur1DJaXq9U6A0703c.css]
[social.jynarque.com/sites/g/files/qhldwo12071/files/css/optimized/css_gfUtLDXi72df47AexuJ-vm_wJb2QkME0vEvBnJxO6dA.WgLUjpIsWfq7MBVGnRIIBwZ4YBpmNDFiIJQy9c7cwJ4703c.css]
[social.jynarque.com/sites/g/files/qhldwo12071/files/css/optimized/css_CYXnyo1qFoxHAoBBNsSqN8PVNbP8sxeQ_LtauZ50Wgs.ZdGO9yvB8MKWUB6WzsWKtivzO5SXaplsgSOLJLxwfiA703c.css]
[social.jynarque.com/sites/g/files/qhldwo12071/files/css/optimized/css_QF7anExUIQ9m7lRlQYpqk7QebuejK_k7Tyzw3UgZ-hg.9uwcl-QtrkszbdIVID_2fF37pXnMwhPG6rE0iEdg-Ck703c.css]
[social.jynarque.com/sites/g/files/qhldwo12071/files/css/optimized/css_7QllbjqoprdCwoIdo3V7DWqJKkTBOzMJn-xZmsutiww.9d-vx3zF_-MTctNYi2IaPfUUsPOFHs2bjVu09aGK6Lg703c.css]
[social.jynarque.com/sites/g/files/qhldwo12071/files/css/optimized/css_hnJTGN1fzih_ZZssV428NML2NhpFxXlJrqaLNgE8CHo.iBaTdGgakNp41CSLm51C4ypomdC621lfVOCq_0wv0aE703c.css]
[social.jynarque.com/sites/g/files/qhldwo12071/files/css/optimized/css__13fw7LchbE-h7zw4b3GPIwiFWcaKaefv7L39uOe9so.gRNisKWaDePoM5eEcIUhhBx3KEXNHid7IhbRcyurfTE703c.css]
[social.jynarque.com/sites/g/files/qhldwo12071/files/css/optimized/css_0jPT-BWLonFoD1a1XPcxcniBn9WgukRnniaE-xYrMIs.LbiYfJjfPgAxfQQJZGHXh9aPQjrfZl2cZwDvpBwmi0U703c.css]
[social.jynarque.com/sites/g/files/qhldwo12071/files/css/optimized/css_wcTRp4Ty5SGu4F6Mj_Src4xCVH1pAn1ZKdFhbgibbUI.N5cjEd5QXafxg4ZkWE4mpuFzQXwNc9OaZAj3onoIBpc703c.css]
[social.jynarque.com/sites/g/files/qhldwo12071/files/css/optimized/css_XYJeCymlgeYq2fA8gUC7CjnYFGGkur-vgRftab7u22k.EtJpm0Y5gJxbGpweW1b7QybgtTRq-PG6I9Uy5Xos_rE703c.css]
[social.jynarque.com/sites/g/files/qhldwo12071/files/css/optimized/css_GbvmbJJu3etNuvRxzgpArn9FbrGIPob5sKfVZm03KVw.Ilizwm03mwR8c50WFbgKzUb3_JWwbzO6MF_LGiIrQqA703c.css]
[social.jynarque.com/sites/g/files/qhldwo12071/files/css/optimized/css_Q6hS9heFRWwmGWvo9WsD_D6nDHdUaUnYt6sC6_oX9L8.Me9ZYtbLkrU4x2E5s3-ElzljP34tptxPN3tnO5xufRE703c.css]
[social.jynarque.com/sites/g/files/qhldwo12071/files/css/optimized/css_41w6dBZ448pJSogyLgoToui9MDm8KnZHhhxIUFUonds.5Ek1TZCzTac_IlCs3l5M3im9vmnXtLN37Z3QRiCWkq4703c.css]
[social.jynarque.com/sites/g/files/qhldwo12071/files/css/optimized/css_JCU_zSqQm3rvBIXWevl-Uch6AS6Fms27h_AxAbdSM2A.n-4iDKWZU94gBH-kXWqQFvOXe7Dz-PK4sVHIx0dXhdU703c.css]
[social.jynarque.com/sites/g/files/qhldwo12071/files/css/optimized/css__7a65Qsn2GbI6R4HiSGaSbf2n93vUm8S71hKr7aus8Y.3WfbKIGel6R7d4OTFo4D2vH6dJiphra9fuU_05Sf4rA703c.css]
[social.jynarque.com/sites/g/files/qhldwo12071/files/css/optimized/css_PRpLCpZQr4zTfafBQvuU6Ai1fdWr3UHToA3uiawHjkM.ekBpaVdPARye08qKtyPK65C9a0mohj15LHj0dts1Et0703c.css]
[social.jynarque.com/sites/g/files/qhldwo12071/files/css/optimized/css_5bgAHtQ8hOK-pKxZkIZaIm5qhljjNmB7Ek1q72neFcs.WoD5sSP2-xRYfUuBh0za7hKcbcMN8NKRbG4dOHDYCcs703c.css]
[social.jynarque.com/sites/g/files/qhldwo12071/files/css/optimized/css_W-tRQxkiLWNaGszIErOYtN92dK7r-tOzwC0vQvcuOlM.UcONwAA7VGD7_R08C55GlyG5dFs4J8vOlBc13tI6aRY703c.css]
[cdnjs.cloudflare.com/ajax/libs/font-awesome/5.15.2/css/all.min.css]
[social.jynarque.com/sites/g/files/qhldwo12071/files/js/optimized/js_Hpe5jrMuKXrV4HSTMApXJsNBxraAgcHUrTjxkwWKqy8.217Px91I5PBzYfV2Ts1WpAd6JP3-gmVHqk0eIz0l6V4fe04.js]
[social.jynarque.com/modules/contrib/adobe_launch/js/adobe_launch_dtm_init703c.js]
[social.jynarque.com/modules/contrib/google_tag/js/gtag703c.js]
[social.jynarque.com/modules/contrib/google_tag/js/gtm703c.js]
[social.jynarque.com/sites/g/files/qhldwo12071/files/images/skyline-bg-high-res-480_0.jpg]
[social.jynarque.com/sites/g/files/qhldwo12071/files/images/jynarque-logo.svg]
[social.jynarque.com/sites/g/files/qhldwo12071/files/js/optimized/js_dxIVcwvQ00owLGoUGPTfRYXU-T5rnj8Xi0cXfb3Kn58.VW0hUh5q6ytj4D3I8oSNUmxQpk50AAPqLk_DOzjSP8Md734.js]
[social.jynarque.com/sites/g/files/qhldwo12071/files/js/optimized/js_w0iO3No0CsyHgJmryEbhwpkh5zx6m6dhvawBt4ufwyA.gG5Rz7OS48DK4TGq7wiZ1HjRM6wBiUnH_BVyJHQT9N0f700.js]
[social.jynarque.com/sites/g/files/qhldwo12071/files/js/optimized/js_V1oRQ-kJlXBZaEklOtPUe_1t8-l0RS94HJ3gsqxKikc.bduIzByrd3FO8cBVCEi-E7KJ5dTe_5T4NdlX56iTDSIfe04.js]
[social.jynarque.com/sites/g/files/qhldwo12071/files/js/optimized/js_KRjtvzl6UujB23-j_sF6dqOcbqg2z8ej98A8RU9bGsg.5R30s5HIvDAblgNA2zdg7eK8JolHsiDB4A5BYBdx4Wsfe04.js]
[social.jynarque.com/sites/g/files/qhldwo12071/files/js/optimized/js_WmhavmnC0K35xZ9vLX51qtRqFT74puvZXIMWnNUYpbM.yiWY6XfSgKQuk3BBBm8Lf6EYxtRh4JS_sZEor9ca-0U0559.js]
[social.jynarque.com/sites/g/files/qhldwo12071/files/js/optimized/js_5lyEgtuYzFbknt789sXbvgY6WOEBhn68zCRaGR5wIJc.8d3xL--rf5a0o_8A0S6rVJCrFa6E7nRzU6j7cfZPuxMfe04.js]
[social.jynarque.com/sites/g/files/qhldwo12071/files/js/optimized/js_1woVuTYaOTc9db19BvtYERQ-r3zrWbaX8Iy9t_Z2qoM.gP-gaUHbeZGhVcsujGVPCx0y7r7ZSd9v-MxTyWA2_fge0a5.js]
[social.jynarque.com/sites/g/files/qhldwo12071/files/js/optimized/js_mjv4qhOv2_1-EQeYpZwvWqHcMokP3Cu36uHh9tRNXFY.PJR8hZ85ozo2MfHn6GZCmLFzDgfJa1R3Hz4yVX856F4fe04.js]
[social.jynarque.com/sites/g/files/qhldwo12071/files/js/optimized/js_ezwJb8QjKN82W11Y2widYXtFt5DfOo-fgZxIg_9sAik.bMVFDvQRymKffHizjH_L6XhwMMD0RuXOpu79mmtm5Cgfe04.js]
[social.jynarque.com/sites/g/files/qhldwo12071/files/js/optimized/js_G8podNJjOsxKvo_RVe4-f79_ME43boCp5OhhwF87kOc.1mzVavow0lfY1eK6ag5Vl40HEvO4cyYFD4bHAh-yVsMfe04.js]
[social.jynarque.com/sites/g/files/qhldwo12071/files/js/optimized/js_RpLV1j1SEgkAOBNxIxvzKXRlefOlhPa03lpGt46bJEg.1f_I0ngNiGTxMn9d59KuM614Eo9evoYYC2iW5Um_seYfe04.js]
[social.jynarque.com/sites/g/files/qhldwo12071/files/js/optimized/js_mFzUkjUxStqgHC8aG7xRbdL6fE1PCi6EiNgqsEIWhqc.jU4iwAIbEsNQKWVGzMn3mgtXHHZmuaCxAExoq_eNTuw703c.js]
[social.jynarque.com/sites/g/files/qhldwo12071/files/js/optimized/js_URinkqADtqqqo2C1py6wc2xoL14YKyW-AchTQspd3K4.cJrZayueRRLuhTV0Ziy4qDtuc8bRjnLtZs7QDdKOBMQfe04.js]
[social.jynarque.com/sites/g/files/qhldwo12071/files/js/optimized/js_zW_JM6MsU2Be_ie3OvP9IQkw4OdJkH3kA8XD6_0C6v8.mq8aZ2BHW1_sdjC9wb36miHNtMQw8STREooBB6O8YvAfe04.js]
[social.jynarque.com/sites/g/files/qhldwo12071/files/js/optimized/js_uWBW_416M4i6ruhbDjjoRa2inA5p-q-yWiBkZec7viw.jWgm303O-N7q8RRBu0874NcyeAuWf_5MAoUIo0d6CuAfe04.js]
[social.jynarque.com/index.html]
[social.jynarque.com/t]
[assets.adobedtm.com/3f0d2e2dbd42/313fd7baa8af/launch-bacdce8b01b7.min.js]
[social.jynarque.com/sites/g/files/qhldwo12071/files/css/optimized/css_Awu9YtmWu_taaaaJKswYqKQEUWlATiU0b-9Ka6etFfU.ZsObiL0aYzfMxd8uwa48FSnKouEcv3_d1R-pYRmtWeE703c.css]
[connect.facebook.net/en_US/fbevents.js]
[social.jynarque.com/core/misc/throbber-active.gif]
[social.jynarque.com/core/misc/loading-small.gif]
[social.jynarque.com/sites/g/files/qhldwo12071/files/css/optimized/css_yIJuzHvo1e460jlmqttlj52OMZk0ZV7QmKCy-1vP5ZI.pnuu97nSk76346TkTJ0K2wkLmlg8ygpQnrBOjWvYZnc703c.css]
[social.jynarque.com/sites/g/files/qhldwo12071/files/css/optimized/css_xnDYBl4OD9snX7Sf9EyJ9VkzRg71lff1OegyGLU8z1w.TDoyvwPX66aAxvvrCAK51OpCJ9Mfz9ur1DJaXq9U6A0703c.css]
[social.jynarque.com/sites/g/files/qhldwo12071/files/css/optimized/css_gfUtLDXi72df47AexuJ-vm_wJb2QkME0vEvBnJxO6dA.WgLUjpIsWfq7MBVGnRIIBwZ4YBpmNDFiIJQy9c7cwJ4703c.css]
[social.jynarque.com/sites/g/files/qhldwo12071/files/css/optimized/css_CYXnyo1qFoxHAoBBNsSqN8PVNbP8sxeQ_LtauZ50Wgs.ZdGO9yvB8MKWUB6WzsWKtivzO5SXaplsgSOLJLxwfiA703c.css]
[social.jynarque.com/sites/g/files/qhldwo12071/files/css/optimized/css_QF7anExUIQ9m7lRlQYpqk7QebuejK_k7Tyzw3UgZ-hg.9uwcl-QtrkszbdIVID_2fF37pXnMwhPG6rE0iEdg-Ck703c.css]
[social.jynarque.com/sites/g/files/qhldwo12071/files/css/optimized/css_7QllbjqoprdCwoIdo3V7DWqJKkTBOzMJn-xZmsutiww.9d-vx3zF_-MTctNYi2IaPfUUsPOFHs2bjVu09aGK6Lg703c.css]
[social.jynarque.com/sites/g/files/qhldwo12071/files/css/optimized/css_hnJTGN1fzih_ZZssV428NML2NhpFxXlJrqaLNgE8CHo.iBaTdGgakNp41CSLm51C4ypomdC621lfVOCq_0wv0aE703c.css]
[social.jynarque.com/sites/g/files/qhldwo12071/files/css/optimized/css__13fw7LchbE-h7zw4b3GPIwiFWcaKaefv7L39uOe9so.gRNisKWaDePoM5eEcIUhhBx3KEXNHid7IhbRcyurfTE703c.css]
[social.jynarque.com/sites/g/files/qhldwo12071/files/css/optimized/css_0jPT-BWLonFoD1a1XPcxcniBn9WgukRnniaE-xYrMIs.LbiYfJjfPgAxfQQJZGHXh9aPQjrfZl2cZwDvpBwmi0U703c.css]
[social.jynarque.com/sites/g/files/qhldwo12071/files/css/optimized/css_wcTRp4Ty5SGu4F6Mj_Src4xCVH1pAn1ZKdFhbgibbUI.N5cjEd5QXafxg4ZkWE4mpuFzQXwNc9OaZAj3onoIBpc703c.css]
[social.jynarque.com/sites/g/files/qhldwo12071/files/css/optimized/css_XYJeCymlgeYq2fA8gUC7CjnYFGGkur-vgRftab7u22k.EtJpm0Y5gJxbGpweW1b7QybgtTRq-PG6I9Uy5Xos_rE703c.css]
[social.jynarque.com/sites/g/files/qhldwo12071/files/css/optimized/css_GbvmbJJu3etNuvRxzgpArn9FbrGIPob5sKfVZm03KVw.Ilizwm03mwR8c50WFbgKzUb3_JWwbzO6MF_LGiIrQqA703c.css]
[social.jynarque.com/sites/g/files/qhldwo12071/files/css/optimized/css_Q6hS9heFRWwmGWvo9WsD_D6nDHdUaUnYt6sC6_oX9L8.Me9ZYtbLkrU4x2E5s3-ElzljP34tptxPN3tnO5xufRE703c.css]
[social.jynarque.com/core/misc/icons/e32700/error.svg]
[social.jynarque.com/core/misc/icons/e29700/warning.svg]
[social.jynarque.com/sites/g/files/qhldwo12071/files/css/optimized/css_41w6dBZ448pJSogyLgoToui9MDm8KnZHhhxIUFUonds.5Ek1TZCzTac_IlCs3l5M3im9vmnXtLN37Z3QRiCWkq4703c.css]
[social.jynarque.com/sites/g/files/qhldwo12071/files/css/optimized/css_JCU_zSqQm3rvBIXWevl-Uch6AS6Fms27h_AxAbdSM2A.n-4iDKWZU94gBH-kXWqQFvOXe7Dz-PK4sVHIx0dXhdU703c.css]
[social.jynarque.com/sites/g/files/qhldwo12071/files/css/optimized/css__7a65Qsn2GbI6R4HiSGaSbf2n93vUm8S71hKr7aus8Y.3WfbKIGel6R7d4OTFo4D2vH6dJiphra9fuU_05Sf4rA703c.css]
[social.jynarque.com/core/misc/icons/73b355/check.svg]
[social.jynarque.com/core/misc/icons/787878/twistie-down.svg]
[social.jynarque.com/sites/g/files/qhldwo12071/files/css/optimized/css_PRpLCpZQr4zTfafBQvuU6Ai1fdWr3UHToA3uiawHjkM.ekBpaVdPARye08qKtyPK65C9a0mohj15LHj0dts1Et0703c.css]
[social.jynarque.com/sites/g/files/qhldwo12071/files/css/optimized/css_5bgAHtQ8hOK-pKxZkIZaIm5qhljjNmB7Ek1q72neFcs.WoD5sSP2-xRYfUuBh0za7hKcbcMN8NKRbG4dOHDYCcs703c.css]
[social.jynarque.com/core/misc/icons/787878/twistie-up.svg]
[social.jynarque.com/sites/g/files/qhldwo12071/themes/site/themes/custom/jynhcc_social/assets/build/img/Instagram_Icon_32x32_Blue.png]
[social.jynarque.com/sites/g/files/qhldwo12071/themes/site/themes/custom/jynhcc_social/assets/build/img/Instagram_Icon_32x32_White.png]
[social.jynarque.com/sites/g/files/qhldwo12071/themes/site/themes/custom/jynhcc_social/assets/build/img/twitter.png]
[social.jynarque.com/sites/g/files/qhldwo12071/themes/site/themes/custom/jynhcc_social/assets/build/img/twitter-white.png]
[social.jynarque.com/sites/g/files/qhldwo12071/files/css/optimized/css_W-tRQxkiLWNaGszIErOYtN92dK7r-tOzwC0vQvcuOlM.UcONwAA7VGD7_R08C55GlyG5dFs4J8vOlBc13tI6aRY703c.css]
[cdnjs.cloudflare.com/ajax/libs/font-awesome/5.15.2/css/all.min.css]
[social.jynarque.com/sites/g/files/qhldwo12071/files/js/optimized/js_Hpe5jrMuKXrV4HSTMApXJsNBxraAgcHUrTjxkwWKqy8.217Px91I5PBzYfV2Ts1WpAd6JP3-gmVHqk0eIz0l6V4fe04.html]
[social.jynarque.com/sites/g/files/qhldwo12071/files/images/jynarque-logo.svg]
[social.jynarque.com/sites/g/files/qhldwo12071/files/js/optimized/js_w0iO3No0CsyHgJmryEbhwpkh5zx6m6dhvawBt4ufwyA.gG5Rz7OS48DK4TGq7wiZ1HjRM6wBiUnH_BVyJHQT9N0f700.html]
[social.jynarque.com/sites/g/files/qhldwo12071/files/js/optimized/js_V1oRQ-kJlXBZaEklOtPUe_1t8-l0RS94HJ3gsqxKikc.bduIzByrd3FO8cBVCEi-E7KJ5dTe_5T4NdlX56iTDSIfe04.html]
[social.jynarque.com/sites/g/files/qhldwo12071/files/js/optimized/js_KRjtvzl6UujB23-j_sF6dqOcbqg2z8ej98A8RU9bGsg.5R30s5HIvDAblgNA2zdg7eK8JolHsiDB4A5BYBdx4Wsfe04.html]
[social.jynarque.com/sites/g/files/qhldwo12071/files/js/optimized/js_mjv4qhOv2_1-EQeYpZwvWqHcMokP3Cu36uHh9tRNXFY.PJR8hZ85ozo2MfHn6GZCmLFzDgfJa1R3Hz4yVX856F4fe04.html]
[social.jynarque.com/sites/g/files/qhldwo12071/files/js/optimized/js_RpLV1j1SEgkAOBNxIxvzKXRlefOlhPa03lpGt46bJEg.1f_I0ngNiGTxMn9d59KuM614Eo9evoYYC2iW5Um_seYfe04.html]
[social.jynarque.com/sites/g/files/qhldwo12071/files/js/optimized/js_URinkqADtqqqo2C1py6wc2xoL14YKyW-AchTQspd3K4.cJrZayueRRLuhTV0Ziy4qDtuc8bRjnLtZs7QDdKOBMQfe04.html]
[social.jynarque.com/sites/g/files/qhldwo12071/files/js/optimized/js_uWBW_416M4i6ruhbDjjoRa2inA5p-q-yWiBkZec7viw.jWgm303O-N7q8RRBu0874NcyeAuWf_5MAoUIo0d6CuAfe04.html]
[social.jynarque.com/t.html]
[connect.facebook.net/en_US/fbevents.js]
[social.jynarque.com/core/misc/icons/e32700/error.svg]
[social.jynarque.com/core/misc/icons/e29700/warning.svg]
[social.jynarque.com/core/misc/icons/73b355/check.svg]
[social.jynarque.com/core/misc/icons/787878/twistie-down.svg]
[social.jynarque.com/core/misc/icons/787878/twistie-up.svg]
[assets.adobedtm.com/signals/iwl.html]
[assets.adobedtm.com/signals/iwl0fc5.html]
